// Jest Snapshot v1, https://goo.gl/fbAQLP

exports[`Container test suit renders correctly 1`] = `
<div
  className="sc-bdVaJa kHoOvY"
>
  Content
</div>
`;
