// Jest Snapshot v1, https://goo.gl/fbAQLP

exports[`TitleSection test suit renders correctly 1`] = `
<h2
  className="sc-bdVaJa hVrpyH"
>
  Helo World
</h2>
`;
